     1                                     
     2                                  ORG 0x7c00         ; 设置代码起始地址为0x7C00
     3 00000000 EB4E                    JMP entry         ; 跳转到entry标签
     4 00000002 90                      NOP               ; 无操作（占位符）
     5 00000003 48454C4C4F49504C        DB "HELLOIPL"     ; OEM名称标识符（8字节）
     6 0000000B 0002                    DW 512            ; 每个扇区的字节数（512字节）
     7 0000000D 01                      DB 1              ; 每簇的扇区数（1扇区/簇）
     8 0000000E 0100                    DW 1              ; 保留扇区数（1个保留扇区）
     9 00000010 02                      DB 2              ; FAT表数量（2个FAT表）
    10 00000011 E000                    DW 224            ; 根目录的最大条目数（224条）
    11 00000013 400B                    DW 2880           ; 总扇区数（小于32MB时，总扇区数为2880）
    12 00000015 F0                      DB 0xf0           ; 媒体描述符（0xF0表示1.44MB的软盘）
    13 00000016 0900                    DW 9              ; 每个FAT表的扇区数（9扇区）
    14 00000018 1200                    DW 18             ; 每个磁道的扇区数（18扇区）
    15 0000001A 0200                    DW 2              ; 磁头数（2个磁头）
    16 0000001C 00000000                DD 0              ; 隐藏扇区数（0）
    17 00000020 400B0000                DD 2880           ; 总扇区数（大于32MB时，总扇区数为2880）
    18 00000024 000029                  DB 0, 0, 0x29     ; 逻辑驱动器号、保留字节、扩展引导签名（0x29）
    19 00000027 FFFFFFFF                DD 0xffffffff     ; 卷序列号
    20 0000002B 48454C4C4F2D4F5320-     DB "HELLO-OS   "  ; 卷标（11字节）
    20 00000034 2020               
    21 00000036 4641543132202020        DB "FAT12   "     ; 文件系统类型（8字节）
    22 0000003E <res 12h>               RESB 18           ; 填充到62字节
    22          ******************       warning: uninitialized space declared in .text section: zeroing [-w+zeroing]
    23                                  
    24                                  entry:
    25 00000050 31C0                    	XOR AX, AX       ; AX寄存器清零
    26 00000052 8ED0                    	MOV SS, AX       ; 将堆栈段寄存器设置为0
    27 00000054 BC007C                  	MOV SP, 0x7c00   ; 将堆栈指针设置为0x7C00
    28 00000057 8ED8                    	MOV DS, AX       ; 将数据段寄存器设置为0
    29                                  
    30                                  
    31                                  	;读磁盘
    32 00000059 B82008                  	MOV AX, 0x0820
    33 0000005C 8EC0                    	MOV ES, AX
    34 0000005E B500                    	MOV CH, 0	;柱面0
    35 00000060 B600                    	MOV DH, 0 	;磁头0
    36 00000062 B102                    	MOV CL, 2	;扇区2
    37 00000064 BE0000                      MOV SI, 0   ;记录失败次数的寄存器
    38                                      
    39                                      
    40                                  retry:
    41 00000067 B402                        MOV AH, 0x02 ; 当ah=0x02就是读盘
    42 00000069 B001                        MOV AL, 1      ;1个扇区
    43 0000006B BB0000                      MOV BX, 0
    44 0000006E B200                        MOV DL, 0x00    ;A驱动器
    45 00000070 CD13                        INT 0x13        ;调用BIOS
    46 00000072 7310                        JNC fin         ;没出错跳到fin
    47 00000074 83C601                      ADD SI, 1
    48 00000077 83FE05                      CMP SI, 5
    49 0000007A 730B                        JAE error       ;SI >= 5,调整error
    50 0000007C B400                        MOV AH, 0x00
    51 0000007E B200                        MOV DL, 0x00    ;A驱动器
    52 00000080 CD13                        INT 0x13        ;重置驱动器
    53 00000082 EBE3                        JMP retry
    54                                  
    55                                  fin:
    56 00000084 F4                      	HLT              ; 停止CPU
    57 00000085 EBFD                    	JMP fin          ; 无限循环，保持CPU停止状态
    58                                  
    59                                  error:
    60 00000087 BE[9C00]                    MOV    SI,msg
    61                                      
    62                                  putloop:
    63 0000008A 8A04                        MOV AL, [SI]            ; 从SI指向的地址加载字节到AL，并将SI增加1
    64 0000008C 83C601                      ADD SI, 1
    65 0000008F 3C00                        CMP AL, 0        ; 比较AL和0
    66 00000091 74F1                        JE fin           ; 如果AL为0，跳转到fin标签，结束循环
    67 00000093 B40E                        MOV AH, 0x0e     ; 设置BIOS视频中断功能号（显示字符）
    68 00000095 BB0F00                      MOV BX, 15       ; 设置字符颜色（白色）
    69 00000098 CD10                        INT 0x10         ; 调用BIOS中断显示字符
    70 0000009A EBEE                        JMP putloop      ; 跳转回putloop标签，继续循环
    71                                  
    72                                  msg:
    73 0000009C 0A0A                    	DB 0x0a, 0x0a    ; 定义两个换行符（ASCII码0x0A）
    74 0000009E 6C6F6164206572726F-     	DB "load error" ; 定义字符串
    74 000000A7 72                 
    75 000000A8 0A                      	DB 0x0a          ; 定义一个换行符（ASCII码0x0A）
    76 000000A9 00                      	DB 0             ; 定义字符串结束符（ASCII码0x00）
    77                                  
    78 000000AA <res 154h>                  RESB 0x1FE-($-$$)  ; 填充到510字节，使整个引导扇区达到510字节
    78          ******************       warning: uninitialized space declared in .text section: zeroing [-w+zeroing]
    79 000001FE 55                          DB 0x55             ; 引导签名（低字节）
    80 000001FF AA                          DB 0xaa             ; 引导签名（高字节）
